// Jest Snapshot v1, https://goo.gl/fbAQLP

exports[`basic usage: cal__result 1`] = `
Object {
  "module": "æ˜¥B",
}
`;
